// Jest Snapshot v1, https://goo.gl/fbAQLP

exports[`<ListItem /> snapshot 1`] = `
<div
  className="list_item "
/>
`;

exports[`snapshot 1`] = `
<div
  className="list_item "
/>
`;
