// Jest Snapshot v1, https://goo.gl/fbAQLP

exports[`Component <BackgroundImage /> renders correctly 1`] = `"<div></div>"`;
