// Jest Snapshot v1, https://goo.gl/fbAQLP

exports[`Component <Breadcrumbs /> renders correctly 1`] = `null`;
