// Jest Snapshot v1, https://goo.gl/fbAQLP

exports[`Component <DateTime /> renders correctly 1`] = `"<span>29 Sep 2017</span>"`;
