// Jest Snapshot v1, https://goo.gl/fbAQLP

exports[`Component <FaIcon /> renders correctly 1`] = `"<i class=\\"fa fa-test_icon test\\"></i>"`;
