// Jest Snapshot v1, https://goo.gl/fbAQLP

exports[`<faIcon /> snapshot 1`] = `<faIcon />`;

exports[`snapshot 1`] = `<faIcon />`;
