// Jest Snapshot v1, https://goo.gl/fbAQLP

exports[`<File /> snapshot 1`] = `
<withTheme(StyledComponent)
  buttonStyle="download common"
  className="file undefined"
  target="_blank"
>
  <withTheme(StyledComponent)
    icon="download"
    size={1.3}
  />
</withTheme(StyledComponent)>
`;
