// Jest Snapshot v1, https://goo.gl/fbAQLP

exports[`snapshot 1`] = `
<div>
  <div
    className="accordion__header"
    onClick={[Function]}
  />
  <div
    className="accordion__content "
  />
</div>
`;
