// Jest Snapshot v1, https://goo.gl/fbAQLP

exports[`Component <Img /> renders correctly 1`] = `"<img alt=\\"\\">"`;
