// Jest Snapshot v1, https://goo.gl/fbAQLP

exports[`Component <Overlay /> renders correctly 1`] = `"<div class=\\"test visible\\"></div>"`;
