// Jest Snapshot v1, https://goo.gl/fbAQLP

exports[`<SectionIntro /> snapshot 1`] = `
<div
  style={Object {}}
>
  <h1
    className="page-intro__heading"
  />
</div>
`;

exports[`snapshot 1`] = `
<div
  style={Object {}}
>
  <h1
    className="page-intro__heading"
  />
</div>
`;
