// Jest Snapshot v1, https://goo.gl/fbAQLP

exports[`<checkbox /> snapshot 1`] = `<xheckbox />`;
