// Jest Snapshot v1, https://goo.gl/fbAQLP

exports[`snapshot 1`] = `
<input
  onChange={[Function]}
  type="text"
  value=""
/>
`;
