// Jest Snapshot v1, https://goo.gl/fbAQLP

exports[`<ImageField /> snapshot 1`] = `
<div>
  <div />
  <input
    onChange={[Function]}
    type="file"
  />
</div>
`;
