// Jest Snapshot v1, https://goo.gl/fbAQLP

exports[`<SelectField /> snapshot 1`] = `
<select
  className="select"
  onChange={[Function]}
  value=""
/>
`;
