// Jest Snapshot v1, https://goo.gl/fbAQLP

exports[`snapshot 1`] = `
<th
  className="undefined undefined"
  onClick={[Function]}
/>
`;
